{
  "report_version": 1,
  "command": "compare",
  "type": "words",
  "sort": "count",
  "order": "desc",
  "top": 3,
  "files": [
    {
      "path": "books/mobydick.txt",
      "num_words": 215838,
      "items": [
        { "word": "whale", "num": 1244 },
        { "word": "one", "num": 925 },
        { "word": "like", "num": 647 }
      ]
    },
    {
      "path": "books/prideandprejudice.txt",
      "num_words": 130410,
      "items": [
        { "word": "mr", "num": 808 },
        { "word": "elizabeth", "num": 645 },
        { "word": "could", "num": 532 }
      ]
    }
  ]
}
